

================================================================
== Vivado HLS Report for 'initializeBuffer'
================================================================
* Date:           Thu Dec 19 06:31:12 2024

* Version:        2018.3 (Build 2405991 on Thu Dec 06 23:56:15 MST 2018)
* Project:        conv2D.prj
* Solution:       solution2
* Product family: zynq
* Target device:  xc7z020clg484-1


================================================================
== Performance Estimates
================================================================
+ Timing (ns): 
    * Summary: 
    +--------+-------+----------+------------+
    |  Clock | Target| Estimated| Uncertainty|
    +--------+-------+----------+------------+
    |ap_clk  |  10.00|     8.325|        1.25|
    +--------+-------+----------+------------+

+ Latency (clock cycles): 
    * Summary: 
    +-----+-----+-----+-----+---------+
    |  Latency  |  Interval | Pipeline|
    | min | max | min | max |   Type  |
    +-----+-----+-----+-----+---------+
    |    6|  191|    6|  191|   none  |
    +-----+-----+-----+-----+---------+

    + Detail: 
        * Instance: 
        N/A

        * Loop: 
        +---------------------------------+-----+-----+----------+-----------+-----------+--------+----------+
        |                                 |  Latency  | Iteration|  Initiation Interval  |  Trip  |          |
        |            Loop Name            | min | max |  Latency |  achieved |   target  |  Count | Pipelined|
        +---------------------------------+-----+-----+----------+-----------+-----------+--------+----------+
        |- Initialize_Buffer_Outer_Loop   |    5|  190|  5 ~ 19  |          -|          -| 1 ~ 10 |    no    |
        | + Initialize_Buffer_Inner_Loop  |    3|   16|         3|          -|          -|  1 ~ 5 |    no    |
        +---------------------------------+-----+-----+----------+-----------+-----------+--------+----------+



================================================================
== Utilization Estimates
================================================================
* Summary: 
+-----------------+---------+-------+--------+-------+
|       Name      | BRAM_18K| DSP48E|   FF   |  LUT  |
+-----------------+---------+-------+--------+-------+
|DSP              |        -|      1|       -|      -|
|Expression       |        -|      -|       0|    563|
|FIFO             |        -|      -|       -|      -|
|Instance         |        -|      -|       -|      -|
|Memory           |        -|      -|       -|      -|
|Multiplexer      |        -|      -|       -|     99|
|Register         |        -|      -|     369|      -|
+-----------------+---------+-------+--------+-------+
|Total            |        0|      1|     369|    662|
+-----------------+---------+-------+--------+-------+
|Available        |      280|    220|  106400|  53200|
+-----------------+---------+-------+--------+-------+
|Utilization (%)  |        0|   ~0  |   ~0   |      1|
+-----------------+---------+-------+--------+-------+

+ Detail: 
    * Instance: 
    N/A

    * DSP48: 
    +-------------------------+----------------------+-----------+
    |         Instance        |        Module        | Expression|
    +-------------------------+----------------------+-----------+
    |conv2D_mul_mul_8nbkb_U1  |conv2D_mul_mul_8nbkb  |  i0 * i1  |
    +-------------------------+----------------------+-----------+

    * Memory: 
    N/A

    * FIFO: 
    N/A

    * Expression: 
    +--------------------------------+----------+-------+---+----+------------+------------+
    |          Variable Name         | Operation| DSP48E| FF| LUT| Bitwidth P0| Bitwidth P1|
    +--------------------------------+----------+-------+---+----+------------+------------+
    |i_buffer_1_fu_208_p2            |     +    |      0|  0|  39|          32|          32|
    |ik_col_2_1_fu_362_p2            |     +    |      0|  0|  39|           2|          32|
    |ik_row_2_fu_202_p2              |     +    |      0|  0|  38|          31|           1|
    |kernel_size_col_op_o_fu_233_p2  |     +    |      0|  0|  39|           1|          32|
    |tmp_18_fu_372_p1                |     +    |      0|  0|  21|          15|          15|
    |tmp_19_1_fu_356_p2              |     +    |      0|  0|  39|           2|          32|
    |tmp_19_fu_320_p2                |     +    |      0|  0|  39|           1|          32|
    |tmp_21_fu_310_p2                |     +    |      0|  0|  21|          15|          15|
    |tmp_22_fu_346_p2                |     +    |      0|  0|  21|          15|          15|
    |p_neg_t_fu_261_p2               |     -    |      0|  0|  38|           1|          31|
    |tmp_17_1_fu_337_p2              |   icmp   |      0|  0|  18|          32|          32|
    |tmp_34_fu_301_p2                |   icmp   |      0|  0|  18|          32|          32|
    |tmp_fu_171_p2                   |   icmp   |      0|  0|  18|          32|           1|
    |tmp_s_fu_197_p2                 |   icmp   |      0|  0|  18|          32|          32|
    |ik_col_2_s_fu_331_p2            |    or    |      0|  0|  32|          32|           1|
    |smax_fu_181_p3                  |  select  |      0|  0|  31|           1|          31|
    |tmp_31_fu_277_p3                |  select  |      0|  0|  31|           1|          31|
    |tmp_32_fu_285_p3                |  select  |      0|  0|  31|           1|           1|
    |p_neg_fu_246_p2                 |    xor   |      0|  0|  32|          32|           2|
    +--------------------------------+----------+-------+---+----+------------+------------+
    |Total                           |          |      0|  0| 563|         310|         400|
    +--------------------------------+----------+-------+---+----+------------+------------+

    * Multiplexer: 
    +--------------------+----+-----------+-----+-----------+
    |        Name        | LUT| Input Size| Bits| Total Bits|
    +--------------------+----+-----------+-----+-----------+
    |ap_NS_fsm           |  33|          6|    1|          6|
    |buffer_r_address0   |  15|          3|    5|         15|
    |i_buffer_reg_125    |   9|          2|   32|         64|
    |i_buffer_s_reg_148  |   9|          2|   32|         64|
    |ik_col_reg_159      |   9|          2|   32|         64|
    |ik_row_reg_137      |   9|          2|   31|         62|
    |in_data_address0    |  15|          3|   14|         42|
    +--------------------+----+-----------+-----+-----------+
    |Total               |  99|         20|  147|        317|
    +--------------------+----+-----------+-----+-----------+

    * Register: 
    +--------------------+----+----+-----+-----------+
    |        Name        | FF | LUT| Bits| Const Bits|
    +--------------------+----+----+-----+-----------+
    |ap_CS_fsm           |   5|   0|    5|          0|
    |i_buffer_1_reg_409  |  32|   0|   32|          0|
    |i_buffer_reg_125    |  32|   0|   32|          0|
    |i_buffer_s_reg_148  |  32|   0|   32|          0|
    |ik_col_2_1_reg_452  |  32|   0|   32|          0|
    |ik_col_reg_159      |  32|   0|   32|          0|
    |ik_row_2_reg_404    |  31|   0|   31|          0|
    |ik_row_reg_137      |  31|   0|   31|          0|
    |smax_cast_reg_396   |  31|   0|   32|          1|
    |tmp_18_reg_414      |  15|   0|   15|          0|
    |tmp_19_1_reg_447    |  32|   0|   32|          0|
    |tmp_19_reg_434      |  32|   0|   32|          0|
    |tmp_33_reg_420      |  31|   0|   32|          1|
    |tmp_34_reg_425      |   1|   0|    1|          0|
    +--------------------+----+----+-----+-----------+
    |Total               | 369|   0|  371|          2|
    +--------------------+----+----+-----+-----------+



================================================================
== Interface
================================================================
* Summary: 
+-------------------+-----+-----+------------+------------------+--------------+
|     RTL Ports     | Dir | Bits|  Protocol  |   Source Object  |    C Type    |
+-------------------+-----+-----+------------+------------------+--------------+
|ap_clk             |  in |    1| ap_ctrl_hs | initializeBuffer | return value |
|ap_rst             |  in |    1| ap_ctrl_hs | initializeBuffer | return value |
|ap_start           |  in |    1| ap_ctrl_hs | initializeBuffer | return value |
|ap_done            | out |    1| ap_ctrl_hs | initializeBuffer | return value |
|ap_idle            | out |    1| ap_ctrl_hs | initializeBuffer | return value |
|ap_ready           | out |    1| ap_ctrl_hs | initializeBuffer | return value |
|buffer_r_address0  | out |    5|  ap_memory |     buffer_r     |     array    |
|buffer_r_ce0       | out |    1|  ap_memory |     buffer_r     |     array    |
|buffer_r_we0       | out |    1|  ap_memory |     buffer_r     |     array    |
|buffer_r_d0        | out |   32|  ap_memory |     buffer_r     |     array    |
|in_data_address0   | out |   14|  ap_memory |      in_data     |     array    |
|in_data_ce0        | out |    1|  ap_memory |      in_data     |     array    |
|in_data_q0         |  in |   32|  ap_memory |      in_data     |     array    |
|index_row_out      |  in |   31|   ap_none  |   index_row_out  |    scalar    |
|kernel_size_row    |  in |   32|   ap_none  |  kernel_size_row |    scalar    |
|kernel_size_col    |  in |   32|   ap_none  |  kernel_size_col |    scalar    |
+-------------------+-----+-----+------------+------------------+--------------+

